// Jest Snapshot v1, https://goo.gl/fbAQLP

exports[`should match snapshot with fixed initial board configuration 1`] = `<DocumentFragment />`;
