// Jest Snapshot v1, https://goo.gl/fbAQLP

exports[`it should matches snapshot 1`] = `<DocumentFragment />`;
